<html>
<body>
<pre>
<h1>µVision Build Log</h1>
<h2>Project:</h2>
C:\Users\OAkun\Desktop\School\CECS447\CECS447Labs\ThumbstickACDLED\ThumbStickADCLED.uvproj
Project File Date:  04/22/2020

<h2>Output:</h2>
Rebuild target 'Target 1'
compiling ADCThumbstickLEDTest.c...
compiling PLL.c...
assembling startup.s...
linking...
Program Size: Code=1504 RO-data=16 RW-data=0 ZI-data=1120  
".\ThumbStickADCLED.axf" - 0 Error(s), 0 Warning(s).
Load "C:\\Users\\OAkun\\Desktop\\School\\CECS447\\CECS447Labs\\ThumbstickACDLED\\ThumbStickADCLED.axf" 
Connecting: Mode=JTAG, Speed=1000000Hz
Erase Done.
Programming Done.
Verify OK.
</pre>
</body>
</html>
